README.md
TODO.md
check.go
results.go
rule.go
check.go
check_test.go
cmd/diffence/main.go
rule.go
rules.go
rules_test.go
testhelpers_test.go
LICENSE
.realize/realize.yaml
TODO.md
check.go
check_test.go
rule.go
rule_tmpl.go
rule_tmpl_test.go
rules.go
rules_test.go
testhelpers_test.go
.realize/realize.yaml
diff_test.go
README.md
TODO.md
rule_tmpl.go
cmd/diffence/main.go
.gitignore
TODO.md
cmd/diffence/main.go
diffence
README.md
TODO.md
cmd/diffence/main.go
Makefile
README.md
TODO.md
check.go
cmd/diffence/main.go
rule_tmpl.go
Makefile
README.md
TODO.md
check.go
check_test.go
cmd/diffence/main.go
diff.go
diff_test.go
diffence
lib/check.go
lib/check_test.go
lib/diff.go
lib/diff_test.go
lib/rule.go
lib/rule_tmpl.go
lib/rule_tmpl_test.go
lib/rules.go
lib/rules_test.go
lib/testhelpers_test.go
rule.go
rule_tmpl.go
rule_tmpl_test.go
rules.go
rules_test.go
testhelpers_test.go
README.md
TODO.md
cmd/diffence/main.go
diffence
lib/diff.go
.overcommit.yml
Makefile
TODO.md
cmd/diffence/main.go
diffence
lib/check.go
lib/check_test.go
lib/diff.go
lib/diff_test.go
lib/rules.go
lib/rules_test.go
lib/testhelpers_test.go
lib/check_test.go
lib/testhelpers_test.go
test/fixtures/diffs/multi_fail.diff
test/fixtures/rules/rules_multi.json
TODO.md
lib/check.go
lib/check_test.go
test/fixtures/diffs/single_fail.diff
Makefile
TODO.md
lib/check.go
lib/rule_tmpl.go
lib/rule_tmpl_test.go
TODO.md
lib/diff.go
lib/diff_test.go
lib/split.go
lib/split_test.go
TODO.md
lib/rule_tmpl.go
lib/rule_tmpl_test.go
lib/rule_tmpl.go
lib/rule_tmpl_test.go
lib/rules_test.go
lib/testhelpers_test.go
.overcommit.yml
Makefile
bin/githooks/lint.sh
lib/rule_tmpl.go
TODO.md
lib/rule_tmpl.go
README.md
lib/diff.go
lib/diff_test.go
lib/rule_tmpl.go
lib/split_test.go
lib/testhelpers_test.go
.overcommit.yml
bin/githooks/lint.sh
bin/githooks/test.sh
Makefile
cmd/diffence/main.go
lib/diff.go
lib/diff_test.go
lib/extract.go
lib/extract_test.go
lib/rules.go
lib/scan.go
lib/scan_test.go
lib/split.go
lib/split_test.go
.gitignore
cmd/diffence/main.go
diffence
lib/diff.go
lib/diff.go
lib/diff_test.go
lib/extract_test.go
lib/scan.go
README.md
TODO.md
lib/scan.go
TODO.md
lib/extract_test.go
lib/diff.go
lib/extract.go
lib/extract_test.go
lib/scan_test.go
lib/diff.go
lib/diff_test.go
lib/scan.go
lib/scan_test.go
Makefile
lib/diff.go
lib/diff_test.go
lib/scan.go
lib/diff.go
lib/diff_test.go
test/fixtures/diffs/single.diff
test/fixtures/single.diff
lib/diff.go
lib/diff_test.go
lib/hello.go
lib/hello_test.go
lib/diff.go
lib/diff_test.go
Makefile
bin/githooks/test.sh
Makefile
lib/diff.go
lib/rules.go
test/fixtures/diff.txt
test/fixtures/diffs/multi.diff
test/fixtures/single.diff
Makefile
bin/githooks/test.sh
lib/rule_tmpl.go
lib/rules_test.go
test/fixtures/gitrob.json
test/fixtures/rule.json
test/fixtures/rules.json
test/fixtures/rules/gitrob.json
test/fixtures/rules/rule.json
test/fixtures/rules/rules.json
lib/rules.go
lib/rules_test.go
test/fixtures/rules.json
-H
.overcommit.yml
Makefile
bin/githooks/generate.sh
lib/rule.go
lib/rule_tmpl.go
test/fixtures/rule.json
Makefile
test/fixtures/gitrob.json
test/fixtures/rules.json
-H
Makefile
test/fixtures/diff.txt
.gitignore
.overcommit.yml
Makefile
README.md
bin/githooks/interfacer.sh
env.sh
lib/hello.go
lib/hello_test.go
test/fixtures/config.json
test/fixtures/rules.json
