diff --git a/README.md b/README.md
diff --git a/TODO.md b/TODO.md
diff --git a/check.go b/check.go
diff --git a/results.go b/results.go
diff --git a/rule.go b/rule.go
diff --git a/check.go b/check.go
diff --git a/check_test.go b/check_test.go
diff --git a/cmd/diffence/main.go b/cmd/diffence/main.go
diff --git a/rule.go b/rule.go
diff --git a/rules.go b/rules.go
diff --git a/rules_test.go b/rules_test.go
diff --git a/testhelpers_test.go b/testhelpers_test.go
diff --git a/LICENSE b/LICENSE
diff --git a/.realize/realize.yaml b/.realize/realize.yaml
diff --git a/TODO.md b/TODO.md
diff --git a/check.go b/check.go
diff --git a/check_test.go b/check_test.go
diff --git a/rule.go b/rule.go
diff --git a/rule_tmpl.go b/rule_tmpl.go
diff --git a/rule_tmpl_test.go b/rule_tmpl_test.go
diff --git a/rules.go b/rules.go
diff --git a/rules_test.go b/rules_test.go
diff --git a/testhelpers_test.go b/testhelpers_test.go
diff --git a/.realize/realize.yaml b/.realize/realize.yaml
diff --git a/diff_test.go b/diff_test.go
diff --git a/README.md b/README.md
diff --git a/TODO.md b/TODO.md
diff --git a/rule_tmpl.go b/rule_tmpl.go
diff --git a/cmd/diffence/main.go b/cmd/diffence/main.go
diff --git a/.gitignore b/.gitignore
diff --git a/TODO.md b/TODO.md
diff --git a/cmd/diffence/main.go b/cmd/diffence/main.go
diff --git a/diffence b/diffence
diff --git a/README.md b/README.md
diff --git a/TODO.md b/TODO.md
diff --git a/cmd/diffence/main.go b/cmd/diffence/main.go
diff --git a/Makefile b/Makefile
diff --git a/README.md b/README.md
diff --git a/TODO.md b/TODO.md
diff --git a/check.go b/check.go
diff --git a/cmd/diffence/main.go b/cmd/diffence/main.go
diff --git a/rule_tmpl.go b/rule_tmpl.go
diff --git a/Makefile b/Makefile
diff --git a/README.md b/README.md
diff --git a/TODO.md b/TODO.md
diff --git a/check.go b/check.go
diff --git a/check_test.go b/check_test.go
diff --git a/cmd/diffence/main.go b/cmd/diffence/main.go
diff --git a/diff.go b/diff.go
diff --git a/diff_test.go b/diff_test.go
diff --git a/diffence b/diffence
diff --git a/lib/check.go b/lib/check.go
diff --git a/lib/check_test.go b/lib/check_test.go
diff --git a/lib/diff.go b/lib/diff.go
diff --git a/lib/diff_test.go b/lib/diff_test.go
diff --git a/lib/rule.go b/lib/rule.go
diff --git a/lib/rule_tmpl.go b/lib/rule_tmpl.go
diff --git a/lib/rule_tmpl_test.go b/lib/rule_tmpl_test.go
diff --git a/lib/rules.go b/lib/rules.go
diff --git a/lib/rules_test.go b/lib/rules_test.go
diff --git a/lib/testhelpers_test.go b/lib/testhelpers_test.go
diff --git a/rule.go b/rule.go
diff --git a/rule_tmpl.go b/rule_tmpl.go
diff --git a/rule_tmpl_test.go b/rule_tmpl_test.go
diff --git a/rules.go b/rules.go
diff --git a/rules_test.go b/rules_test.go
diff --git a/testhelpers_test.go b/testhelpers_test.go
diff --git a/README.md b/README.md
diff --git a/TODO.md b/TODO.md
diff --git a/cmd/diffence/main.go b/cmd/diffence/main.go
diff --git a/diffence b/diffence
diff --git a/lib/diff.go b/lib/diff.go
diff --git a/.overcommit.yml b/.overcommit.yml
diff --git a/Makefile b/Makefile
diff --git a/TODO.md b/TODO.md
diff --git a/cmd/diffence/main.go b/cmd/diffence/main.go
diff --git a/diffence b/diffence
diff --git a/lib/check.go b/lib/check.go
diff --git a/lib/check_test.go b/lib/check_test.go
diff --git a/lib/diff.go b/lib/diff.go
diff --git a/lib/diff_test.go b/lib/diff_test.go
diff --git a/lib/rules.go b/lib/rules.go
diff --git a/lib/rules_test.go b/lib/rules_test.go
diff --git a/lib/testhelpers_test.go b/lib/testhelpers_test.go
diff --git a/lib/check_test.go b/lib/check_test.go
diff --git a/lib/testhelpers_test.go b/lib/testhelpers_test.go
diff --git a/test/fixtures/diffs/multi_fail.diff b/test/fixtures/diffs/multi_fail.diff
diff --git a/test/fixtures/rules/rules_multi.json b/test/fixtures/rules/rules_multi.json
diff --git a/TODO.md b/TODO.md
diff --git a/lib/check.go b/lib/check.go
diff --git a/lib/check_test.go b/lib/check_test.go
diff --git a/test/fixtures/diffs/single_fail.diff b/test/fixtures/diffs/single_fail.diff
diff --git a/Makefile b/Makefile
diff --git a/TODO.md b/TODO.md
diff --git a/lib/check.go b/lib/check.go
diff --git a/lib/rule_tmpl.go b/lib/rule_tmpl.go
diff --git a/lib/rule_tmpl_test.go b/lib/rule_tmpl_test.go
diff --git a/TODO.md b/TODO.md
diff --git a/lib/diff.go b/lib/diff.go
diff --git a/lib/diff_test.go b/lib/diff_test.go
diff --git a/lib/split.go b/lib/split.go
diff --git a/lib/split_test.go b/lib/split_test.go
diff --git a/TODO.md b/TODO.md
diff --git a/lib/rule_tmpl.go b/lib/rule_tmpl.go
diff --git a/lib/rule_tmpl_test.go b/lib/rule_tmpl_test.go
diff --git a/lib/rule_tmpl.go b/lib/rule_tmpl.go
diff --git a/lib/rule_tmpl_test.go b/lib/rule_tmpl_test.go
diff --git a/lib/rules_test.go b/lib/rules_test.go
diff --git a/lib/testhelpers_test.go b/lib/testhelpers_test.go
diff --git a/.overcommit.yml b/.overcommit.yml
diff --git a/Makefile b/Makefile
diff --git a/bin/githooks/lint.sh b/bin/githooks/lint.sh
diff --git a/lib/rule_tmpl.go b/lib/rule_tmpl.go
diff --git a/TODO.md b/TODO.md
diff --git a/lib/rule_tmpl.go b/lib/rule_tmpl.go
diff --git a/README.md b/README.md
diff --git a/lib/diff.go b/lib/diff.go
diff --git a/lib/diff_test.go b/lib/diff_test.go
diff --git a/lib/rule_tmpl.go b/lib/rule_tmpl.go
diff --git a/lib/split_test.go b/lib/split_test.go
diff --git a/lib/testhelpers_test.go b/lib/testhelpers_test.go
diff --git a/.overcommit.yml b/.overcommit.yml
diff --git a/bin/githooks/lint.sh b/bin/githooks/lint.sh
diff --git a/bin/githooks/test.sh b/bin/githooks/test.sh
diff --git a/Makefile b/Makefile
diff --git a/cmd/diffence/main.go b/cmd/diffence/main.go
diff --git a/lib/diff.go b/lib/diff.go
diff --git a/lib/diff_test.go b/lib/diff_test.go
diff --git a/lib/extract.go b/lib/extract.go
diff --git a/lib/extract_test.go b/lib/extract_test.go
diff --git a/lib/rules.go b/lib/rules.go
diff --git a/lib/scan.go b/lib/scan.go
diff --git a/lib/scan_test.go b/lib/scan_test.go
diff --git a/lib/split.go b/lib/split.go
diff --git a/lib/split_test.go b/lib/split_test.go
diff --git a/.gitignore b/.gitignore
diff --git a/cmd/diffence/main.go b/cmd/diffence/main.go
diff --git a/diffence b/diffence
diff --git a/lib/diff.go b/lib/diff.go
diff --git a/lib/diff.go b/lib/diff.go
diff --git a/lib/diff_test.go b/lib/diff_test.go
diff --git a/lib/extract_test.go b/lib/extract_test.go
diff --git a/lib/scan.go b/lib/scan.go
diff --git a/README.md b/README.md
diff --git a/TODO.md b/TODO.md
diff --git a/lib/scan.go b/lib/scan.go
diff --git a/TODO.md b/TODO.md
diff --git a/lib/extract_test.go b/lib/extract_test.go
diff --git a/lib/diff.go b/lib/diff.go
diff --git a/lib/extract.go b/lib/extract.go
diff --git a/lib/extract_test.go b/lib/extract_test.go
diff --git a/lib/scan_test.go b/lib/scan_test.go
diff --git a/lib/diff.go b/lib/diff.go
diff --git a/lib/diff_test.go b/lib/diff_test.go
diff --git a/lib/scan.go b/lib/scan.go
diff --git a/lib/scan_test.go b/lib/scan_test.go
diff --git a/Makefile b/Makefile
diff --git a/lib/diff.go b/lib/diff.go
diff --git a/lib/diff_test.go b/lib/diff_test.go
diff --git a/lib/scan.go b/lib/scan.go
diff --git a/lib/diff.go b/lib/diff.go
diff --git a/lib/diff_test.go b/lib/diff_test.go
diff --git a/test/fixtures/diffs/single.diff b/test/fixtures/diffs/single.diff
diff --git a/test/fixtures/single.diff b/test/fixtures/single.diff
diff --git a/lib/diff.go b/lib/diff.go
diff --git a/lib/diff_test.go b/lib/diff_test.go
diff --git a/lib/hello.go b/lib/hello.go
diff --git a/lib/hello_test.go b/lib/hello_test.go
diff --git a/lib/diff.go b/lib/diff.go
diff --git a/lib/diff_test.go b/lib/diff_test.go
diff --git a/Makefile b/Makefile
diff --git a/bin/githooks/test.sh b/bin/githooks/test.sh
diff --git a/Makefile b/Makefile
diff --git a/lib/diff.go b/lib/diff.go
diff --git a/lib/rules.go b/lib/rules.go
diff --git a/test/fixtures/diff.txt b/test/fixtures/diff.txt
diff --git a/test/fixtures/diffs/multi.diff b/test/fixtures/diffs/multi.diff
diff --git a/test/fixtures/single.diff b/test/fixtures/single.diff
diff --git a/Makefile b/Makefile
diff --git a/bin/githooks/test.sh b/bin/githooks/test.sh
diff --git a/lib/rule_tmpl.go b/lib/rule_tmpl.go
diff --git a/lib/rules_test.go b/lib/rules_test.go
diff --git a/test/fixtures/gitrob.json b/test/fixtures/gitrob.json
diff --git a/test/fixtures/rule.json b/test/fixtures/rule.json
diff --git a/test/fixtures/rules.json b/test/fixtures/rules.json
diff --git a/test/fixtures/rules/gitrob.json b/test/fixtures/rules/gitrob.json
diff --git a/test/fixtures/rules/rule.json b/test/fixtures/rules/rule.json
diff --git a/test/fixtures/rules/rules.json b/test/fixtures/rules/rules.json
diff --git a/lib/rules.go b/lib/rules.go
diff --git a/lib/rules_test.go b/lib/rules_test.go
diff --git a/test/fixtures/rules.json b/test/fixtures/rules.json
diff --git a/-H b/-H
diff --git a/.overcommit.yml b/.overcommit.yml
diff --git a/Makefile b/Makefile
diff --git a/bin/githooks/generate.sh b/bin/githooks/generate.sh
diff --git a/lib/rule.go b/lib/rule.go
diff --git a/lib/rule_tmpl.go b/lib/rule_tmpl.go
diff --git a/test/fixtures/rule.json b/test/fixtures/rule.json
diff --git a/Makefile b/Makefile
diff --git a/test/fixtures/gitrob.json b/test/fixtures/gitrob.json
diff --git a/test/fixtures/rules.json b/test/fixtures/rules.json
diff --git a/-H b/-H
diff --git a/Makefile b/Makefile
diff --git a/test/fixtures/diff.txt b/test/fixtures/diff.txt
diff --git a/.gitignore b/.gitignore
diff --git a/.overcommit.yml b/.overcommit.yml
diff --git a/Makefile b/Makefile
diff --git a/README.md b/README.md
diff --git a/bin/githooks/interfacer.sh b/bin/githooks/interfacer.sh
diff --git a/env.sh b/env.sh
diff --git a/lib/hello.go b/lib/hello.go
diff --git a/lib/hello_test.go b/lib/hello_test.go
diff --git a/test/fixtures/config.json b/test/fixtures/config.json
diff --git a/test/fixtures/rules.json b/test/fixtures/rules.json
